c process "regression1.icnf" with minisat
SAT
SAT
UNSAT
SAT
UNSAT
SAT
UNSAT
SAT
UNSAT
SAT
UNSAT
SAT
UNSAT
SAT
UNSAT
SAT
UNSAT
SAT
UNSAT
SAT
UNSAT
SAT
SAT
UNSAT
SAT
UNSAT
SAT
SAT
UNSAT
SAT
SAT
UNSAT
SAT
SAT
UNSAT
SAT
UNSAT
SAT
SAT
UNSAT
SAT
UNSAT
SAT
UNSAT
SAT
UNSAT
SAT
UNSAT
SAT
UNSAT
SAT
UNSAT
SAT
UNSAT
SAT
UNSAT
SAT
UNSAT
SAT
UNSAT
SAT
UNSAT
SAT
UNSAT
SAT
UNSAT
SAT
UNSAT
SAT
UNSAT
SAT
SAT
UNSAT
SAT
UNSAT
SAT
SAT
UNSAT
SAT
UNSAT
SAT
UNSAT
SAT
UNSAT
SAT
UNSAT
SAT
UNSAT
SAT
UNSAT
SAT
UNSAT
SAT
UNSAT
SAT
SAT
UNSAT
SAT
UNSAT
SAT
UNSAT
SAT
UNSAT
SAT
UNSAT
SAT
UNSAT
SAT
UNSAT
SAT
SAT
UNSAT
SAT
UNSAT
SAT
UNSAT
SAT
UNSAT
SAT
UNSAT
SAT
UNSAT
SAT
UNSAT
SAT
UNSAT
SAT
UNSAT
SAT
UNSAT
SAT
UNSAT
SAT
SAT
UNSAT
SAT
UNSAT
SAT
UNSAT
SAT
UNSAT
SAT
UNSAT
SAT
UNSAT
SAT
UNSAT
SAT
SAT
UNSAT
SAT
UNSAT
SAT
SAT
UNSAT
SAT
UNSAT
SAT
UNSAT
SAT
UNSAT
SAT
UNSAT
SAT
UNSAT
SAT
UNSAT
SAT
SAT
UNSAT
SAT
UNSAT
SAT
UNSAT
SAT
SAT
UNSAT
SAT
UNSAT
SAT
SAT
UNSAT
SAT
UNSAT
SAT
UNSAT
SAT
UNSAT
SAT
UNSAT
SAT
UNSAT
SAT
UNSAT
SAT
SAT
SAT
UNSAT
SAT
UNSAT
SAT
UNSAT
SAT
UNSAT
SAT
SAT
UNSAT
SAT
UNSAT
SAT
UNSAT
SAT
UNSAT
SAT
UNSAT
SAT
UNSAT
SAT
UNSAT
SAT
UNSAT
SAT
UNSAT
SAT
UNSAT
SAT
UNSAT
SAT
UNSAT
SAT
UNSAT
SAT
UNSAT
SAT
UNSAT
SAT
SAT
UNSAT
SAT
UNSAT
SAT
UNSAT
SAT
SAT
UNSAT
SAT
UNSAT
SAT
UNSAT
SAT
UNSAT
SAT
UNSAT
SAT
UNSAT
SAT
UNSAT
SAT
UNSAT
SAT
UNSAT
SAT
UNSAT
SAT
SAT
UNSAT
SAT
UNSAT
SAT
SAT
UNSAT
SAT
UNSAT
SAT
SAT
UNSAT
SAT
UNSAT
SAT
UNSAT
SAT
UNSAT
SAT
UNSAT
SAT
UNSAT
SAT
UNSAT
SAT
UNSAT
SAT
SAT
UNSAT
SAT
UNSAT
SAT
UNSAT
SAT
UNSAT
SAT
UNSAT
SAT
SAT
UNSAT
SAT
UNSAT
SAT
SAT
UNSAT
SAT
UNSAT
SAT
SAT
UNSAT
SAT
UNSAT
SAT
UNSAT
SAT
UNSAT
SAT
SAT
UNSAT
SAT
UNSAT
SAT
UNSAT
SAT
UNSAT
SAT
SAT
UNSAT
SAT
UNSAT
SAT
UNSAT
SAT
UNSAT
SAT
SAT
UNSAT
SAT
UNSAT
SAT
UNSAT
SAT
UNSAT
SAT
UNSAT
SAT
UNSAT
SAT
UNSAT
SAT
UNSAT
SAT
UNSAT
SAT
SAT
UNSAT
SAT
UNSAT
SAT
UNSAT
SAT
UNSAT
SAT
SAT
SAT
SAT
UNSAT
SAT
UNSAT
SAT
UNSAT
SAT
SAT
UNSAT
SAT
UNSAT
SAT
SAT
UNSAT
SAT
UNSAT
SAT
UNSAT
SAT
UNSAT
SAT
UNSAT
SAT
SAT
UNSAT
SAT
UNSAT
SAT
UNSAT
SAT
UNSAT
SAT
UNSAT
SAT
SAT
UNSAT
SAT
UNSAT
SAT
UNSAT
SAT
SAT
UNSAT
SAT
SAT
UNSAT
SAT
SAT
UNSAT
SAT
UNSAT
SAT
UNSAT
SAT
UNSAT
SAT
UNSAT
SAT
SAT
UNSAT
SAT
UNSAT
SAT
UNSAT
SAT
UNSAT
SAT
UNSAT
SAT
UNSAT
SAT
UNSAT
SAT
UNSAT
SAT
UNSAT
SAT
UNSAT
SAT
UNSAT
SAT
UNSAT
SAT
UNSAT
SAT
UNSAT
SAT
UNSAT
SAT
UNSAT
SAT
UNSAT
SAT
SAT
SAT
SAT
SAT
SAT
UNSAT
SAT
UNSAT
SAT
UNSAT
SAT
c done for "regression1.icnf" with minisat
